ERROR OCCURRED:
Traceback (most recent call last):
  File "C:\Users\Admin\Desktop\studysync\backend\venv\Lib\site-packages\langchain_google_genai\chat_models.py", line 271, in _achat_with_retry
    return await generation_method(**kwargs)
           ^^^^^^^^^^^^^^^^^^^^^^^^^^^^^^^^^
  File "C:\Users\Admin\Desktop\studysync\backend\venv\Lib\site-packages\google\api_core\retry\retry_unary_async.py", line 231, in retry_wrapped_func
    return await retry_target(
           ^^^^^^^^^^^^^^^^^^^
  File "C:\Users\Admin\Desktop\studysync\backend\venv\Lib\site-packages\google\api_core\retry\retry_unary_async.py", line 163, in retry_target
    next_sleep = _retry_error_helper(
                 ^^^^^^^^^^^^^^^^^^^^
  File "C:\Users\Admin\Desktop\studysync\backend\venv\Lib\site-packages\google\api_core\retry\retry_base.py", line 214, in _retry_error_helper
    raise final_exc from source_exc
  File "C:\Users\Admin\Desktop\studysync\backend\venv\Lib\site-packages\google\api_core\retry\retry_unary_async.py", line 158, in retry_target
    return await target()
           ^^^^^^^^^^^^^^
  File "C:\Users\Admin\Desktop\studysync\backend\venv\Lib\site-packages\google\api_core\grpc_helpers_async.py", line 178, in error_remapped_callable
    await call.wait_for_connection()
  File "C:\Users\Admin\Desktop\studysync\backend\venv\Lib\site-packages\google\api_core\grpc_helpers_async.py", line 79, in wait_for_connection
    raise exceptions.from_grpc_error(rpc_error) from rpc_error
google.api_core.exceptions.InvalidArgument: 400 Function call is missing a thought_signature in functionCall parts. This is required for tools to work correctly, and missing thought_signature may lead to degraded model performance. Additional data, function call `default_api:contest_scanner_tool` , position 2. Please refer to https://ai.google.dev/gemini-api/docs/thought-signatures for more details.

The above exception was the direct cause of the following exception:

Traceback (most recent call last):
  File "C:\Users\Admin\Desktop\studysync\backend\test_agent_crash.py", line 8, in main
    response = await agent_executor.ainvoke({
               ^^^^^^^^^^^^^^^^^^^^^^^^^^^^^^
  File "C:\Users\Admin\Desktop\studysync\backend\venv\Lib\site-packages\langchain\chains\base.py", line 220, in ainvoke
    await self._acall(inputs, run_manager=run_manager)
  File "C:\Users\Admin\Desktop\studysync\backend\venv\Lib\site-packages\langchain\agents\agent.py", line 1681, in _acall
    next_step_output = await self._atake_next_step(
                       ^^^^^^^^^^^^^^^^^^^^^^^^^^^^
  File "C:\Users\Admin\Desktop\studysync\backend\venv\Lib\site-packages\langchain\agents\agent.py", line 1463, in _atake_next_step
    [
  File "C:\Users\Admin\Desktop\studysync\backend\venv\Lib\site-packages\langchain\agents\agent.py", line 1491, in _aiter_next_step
    output = await self._action_agent.aplan(
             ^^^^^^^^^^^^^^^^^^^^^^^^^^^^^^^
  File "C:\Users\Admin\Desktop\studysync\backend\venv\Lib\site-packages\langchain\agents\agent.py", line 612, in aplan
    async for chunk in self.runnable.astream(
  File "C:\Users\Admin\Desktop\studysync\backend\venv\Lib\site-packages\langchain_core\runnables\base.py", line 3676, in astream
    async for chunk in self.atransform(input_aiter(), config, **kwargs):
  File "C:\Users\Admin\Desktop\studysync\backend\venv\Lib\site-packages\langchain_core\runnables\base.py", line 3658, in atransform
    async for chunk in self._atransform_stream_with_config(
  File "C:\Users\Admin\Desktop\studysync\backend\venv\Lib\site-packages\langchain_core\runnables\base.py", line 2475, in _atransform_stream_with_config
    chunk = await coro_with_context(py_anext(iterator), context)
            ^^^^^^^^^^^^^^^^^^^^^^^^^^^^^^^^^^^^^^^^^^^^^^^^^^^^
  File "C:\Users\Admin\Desktop\studysync\backend\venv\Lib\site-packages\langchain_core\runnables\base.py", line 3625, in _atransform
    async for output in final_pipeline:
  File "C:\Users\Admin\Desktop\studysync\backend\venv\Lib\site-packages\langchain_core\runnables\base.py", line 1613, in atransform
    async for ichunk in input:
  File "C:\Users\Admin\Desktop\studysync\backend\venv\Lib\site-packages\langchain_core\runnables\base.py", line 5939, in atransform
    async for item in self.bound.atransform(
  File "C:\Users\Admin\Desktop\studysync\backend\venv\Lib\site-packages\langchain_core\runnables\base.py", line 1631, in atransform
    async for output in self.astream(final, config, **kwargs):
  File "C:\Users\Admin\Desktop\studysync\backend\venv\Lib\site-packages\langchain_core\language_models\chat_models.py", line 615, in astream
    async for chunk in self._astream(
  File "C:\Users\Admin\Desktop\studysync\backend\venv\Lib\site-packages\langchain_google_genai\chat_models.py", line 1751, in _astream
    async for chunk in await _achat_with_retry(
                       ^^^^^^^^^^^^^^^^^^^^^^^^
  File "C:\Users\Admin\Desktop\studysync\backend\venv\Lib\site-packages\langchain_google_genai\chat_models.py", line 287, in _achat_with_retry
    return await _achat_with_retry(**params)
           ^^^^^^^^^^^^^^^^^^^^^^^^^^^^^^^^^
  File "C:\Users\Admin\Desktop\studysync\backend\venv\Lib\site-packages\tenacity\asyncio\__init__.py", line 189, in async_wrapped
    return await copy(fn, *args, **kwargs)
           ^^^^^^^^^^^^^^^^^^^^^^^^^^^^^^^
  File "C:\Users\Admin\Desktop\studysync\backend\venv\Lib\site-packages\tenacity\asyncio\__init__.py", line 111, in __call__
    do = await self.iter(retry_state=retry_state)
         ^^^^^^^^^^^^^^^^^^^^^^^^^^^^^^^^^^^^^^^^
  File "C:\Users\Admin\Desktop\studysync\backend\venv\Lib\site-packages\tenacity\asyncio\__init__.py", line 153, in iter
    result = await action(retry_state)
             ^^^^^^^^^^^^^^^^^^^^^^^^^
  File "C:\Users\Admin\Desktop\studysync\backend\venv\Lib\site-packages\tenacity\_utils.py", line 99, in inner
    return call(*args, **kwargs)
           ^^^^^^^^^^^^^^^^^^^^^
  File "C:\Users\Admin\Desktop\studysync\backend\venv\Lib\site-packages\tenacity\__init__.py", line 400, in <lambda>
    self._add_action_func(lambda rs: rs.outcome.result())
                                     ^^^^^^^^^^^^^^^^^^^
  File "C:\Users\Admin\AppData\Local\Programs\Python\Python312\Lib\concurrent\futures\_base.py", line 449, in result
    return self.__get_result()
           ^^^^^^^^^^^^^^^^^^^
  File "C:\Users\Admin\AppData\Local\Programs\Python\Python312\Lib\concurrent\futures\_base.py", line 401, in __get_result
    raise self._exception
  File "C:\Users\Admin\Desktop\studysync\backend\venv\Lib\site-packages\tenacity\asyncio\__init__.py", line 114, in __call__
    result = await fn(*args, **kwargs)
             ^^^^^^^^^^^^^^^^^^^^^^^^^
  File "C:\Users\Admin\Desktop\studysync\backend\venv\Lib\site-packages\langchain_google_genai\chat_models.py", line 274, in _achat_with_retry
    raise ChatGoogleGenerativeAIError(
langchain_google_genai.chat_models.ChatGoogleGenerativeAIError: Invalid argument provided to Gemini: 400 Function call is missing a thought_signature in functionCall parts. This is required for tools to work correctly, and missing thought_signature may lead to degraded model performance. Additional data, function call `default_api:contest_scanner_tool` , position 2. Please refer to https://ai.google.dev/gemini-api/docs/thought-signatures for more details.
